================================================================================
CONFIG LOADING TEST
================================================================================
python : Traceback (most recent call last):
At line:1 char:1
+ python scripts\test_config_loading.py > test_output.txt 
2>&1
+ ~~~~~~~~~~~~~~~~~~~~~~~~~~~~~~~~~~~~~~~~~~~~~~~~~~~~~~~~
~~~~
    + CategoryInfo          : NotSpecified: (Traceback (m 
   ost recent call last)::String) [], RemoteException
    + FullyQualifiedErrorId : NativeCommandError
 
  File "C:\Users\User\a_projects\support_rag\scripts\test_
config_loading.py", line 25, in <module>
    print("\n1\ufe0f\u20e3 Testing shared configs loading 
from:", SHARED_CONFIG_DIR)
  File "C:\Users\User\AppData\Local\Programs\Python\Python
312\Lib\encodings\cp1251.py", line 19, in encode
    return 
codecs.charmap_encode(input,self.errors,encoding_table)[0]
           
^^^^^^^^^^^^^^^^^^^^^^^^^^^^^^^^^^^^^^^^^^^^^^^^^^^^^^^
UnicodeEncodeError: 'charmap' codec can't encode 
characters in position 3-4: character maps to <undefined>
